2026-10-07T09:58:59.014+03:00  INFO 10756 --- [hotel-booking-app] [restartedMain] c.g.h.HotelBookingAppApplication         : Starting HotelBookingAppApplication using Java 17.0.20.1 with PID 10756 (C:\Users\DELL\Ijdb\project\hotel-booking-app\target\classes started by DELL in C:\Users\DELL\Ijdb\project\hotel-booking-app)
2026-10-07T09:58:59.029+03:00  INFO 10756 --- [hotel-booking-app] [restartedMain] c.g.h.HotelBookingAppApplication         : The following 1 profile is active: "production"
2026-10-07T09:58:59.244+03:00  INFO 10756 --- [hotel-booking-app] [restartedMain] .e.DevToolsPropertyDefaultsPostProcessor : Devtools property defaults active! Set 'spring.devtools.add-properties' to 'false' to disable
2026-10-07T09:58:59.246+03:00  INFO 10756 --- [hotel-booking-app] [restartedMain] .e.DevToolsPropertyDefaultsPostProcessor : For additional web related logging consider setting the 'logging.level.web' property to 'DEBUG'
2026-10-07T09:59:02.621+03:00  INFO 10756 --- [hotel-booking-app] [restartedMain] .s.d.r.c.RepositoryConfigurationDelegate : Bootstrapping Spring Data JPA repositories in DEFAULT mode.
2026-10-07T09:59:02.937+03:00  INFO 10756 --- [hotel-booking-app] [restartedMain] .s.d.r.c.RepositoryConfigurationDelegate : Finished Spring Data repository scanning in 282 ms. Found 12 JPA repository interfaces.
2026-10-07T09:59:05.285+03:00  INFO 10756 --- [hotel-booking-app] [restartedMain] o.s.boot.tomcat.TomcatWebServer          : Tomcat initialized with port 8000 (http)
2026-10-07T09:59:05.332+03:00  INFO 10756 --- [hotel-booking-app] [restartedMain] o.apache.catalina.core.StandardService   : Starting service [Tomcat]
2026-10-07T09:59:05.334+03:00  INFO 10756 --- [hotel-booking-app] [restartedMain] o.apache.catalina.core.StandardEngine    : Starting Servlet engine: [Apache Tomcat/11.0.24]
2026-10-07T09:59:05.550+03:00  INFO 10756 --- [hotel-booking-app] [restartedMain] b.w.c.s.WebApplicationContextInitializer : Root WebApplicationContext: initialization completed in 6299 ms
2026-10-07T09:59:06.261+03:00  INFO 10756 --- [hotel-booking-app] [restartedMain] org.hibernate.orm.jpa                    : HHH008540: Processing PersistenceUnitInfo [name: default]
2026-10-07T09:59:06.500+03:00  INFO 10756 --- [hotel-booking-app] [restartedMain] org.hibernate.orm.core                   : HHH000001: Hibernate ORM core version 7.4.5.Final
2026-10-07T09:59:08.442+03:00  INFO 10756 --- [hotel-booking-app] [restartedMain] o.s.o.j.p.SpringPersistenceUnitInfo      : No LoadTimeWeaver setup: ignoring JPA class transformer
2026-10-07T09:59:08.556+03:00  INFO 10756 --- [hotel-booking-app] [restartedMain] com.zaxxer.hikari.HikariDataSource       : HikariPool-1 - Starting...
2026-10-07T09:59:09.214+03:00  INFO 10756 --- [hotel-booking-app] [restartedMain] com.zaxxer.hikari.pool.HikariPool        : HikariPool-1 - Added connection org.postgresql.jdbc.PgConnection@2e1cdf53
2026-10-07T09:59:09.217+03:00  INFO 10756 --- [hotel-booking-app] [restartedMain] com.zaxxer.hikari.HikariDataSource       : HikariPool-1 - Start completed.
2026-10-07T09:59:09.458+03:00  INFO 10756 --- [hotel-booking-app] [restartedMain] org.hibernate.orm.connections.pooling    : HHH10001005: Database info:
	Database JDBC URL [jdbc:postgresql://localhost:5434/hotel-booking-app]
	Database driver: PostgreSQL JDBC Driver
	Database dialect: PostgreSQLDialect
	Database version: 18.6
	Default catalog/schema: hotel-booking-app/public
	Autocommit mode: undefined/unknown
	Isolation level: READ_COMMITTED [default READ_COMMITTED]
	JDBC fetch size: none
	Pool: DataSourceConnectionProvider
	Minimum pool size: undefined/unknown
	Maximum pool size: undefined/unknown
2026-10-07T09:59:14.111+03:00  INFO 10756 --- [hotel-booking-app] [restartedMain] org.hibernate.orm.core                   : HHH000489: No JTA platform available (set 'hibernate.transaction.jta.platform' to enable JTA platform integration)
2026-10-07T09:59:14.515+03:00  INFO 10756 --- [hotel-booking-app] [restartedMain] j.LocalContainerEntityManagerFactoryBean : Initialized JPA EntityManagerFactory for persistence unit 'default'
2026-10-07T09:59:14.695+03:00  INFO 10756 --- [hotel-booking-app] [restartedMain] o.s.d.j.r.query.QueryEnhancerFactories   : Hibernate is in classpath; If applicable, HQL parser will be used.
2026-10-07T09:59:23.740+03:00  WARN 10756 --- [hotel-booking-app] [restartedMain] JpaBaseConfiguration$JpaWebConfiguration : spring.jpa.open-in-view is enabled by default. Therefore, database queries may be performed during view rendering. Explicitly configure spring.jpa.open-in-view to disable this warning
2026-10-07T09:59:24.515+03:00  INFO 10756 --- [hotel-booking-app] [restartedMain] r$InitializeUserDetailsManagerConfigurer : Global AuthenticationManager configured with UserDetailsService bean with name myUserDetailsService
2026-10-07T09:59:27.230+03:00  INFO 10756 --- [hotel-booking-app] [restartedMain] o.s.m.s.b.SimpleBrokerMessageHandler     : Starting...
2026-10-07T09:59:27.232+03:00  INFO 10756 --- [hotel-booking-app] [restartedMain] o.s.m.s.b.SimpleBrokerMessageHandler     : BrokerAvailabilityEvent[available=true, SimpleBrokerMessageHandler [org.springframework.messaging.simp.broker.DefaultSubscriptionRegistry@13b2e223]]
2026-10-07T09:59:27.239+03:00  INFO 10756 --- [hotel-booking-app] [restartedMain] o.s.m.s.b.SimpleBrokerMessageHandler     : Started.
2026-10-07T09:59:27.305+03:00  INFO 10756 --- [hotel-booking-app] [restartedMain] o.s.boot.tomcat.TomcatWebServer          : Tomcat started on port 8000 (http) with context path '/'
2026-10-07T09:59:27.331+03:00  INFO 10756 --- [hotel-booking-app] [restartedMain] c.g.h.HotelBookingAppApplication         : Started HotelBookingAppApplication in 30.046 seconds (process running for 31.757)
2026-10-07T09:59:28.119+03:00  WARN 10756 --- [hotel-booking-app] [restartedMain] o.s.core.events.SpringDocAppInitializer  : SpringDoc /v3/api-docs endpoint is enabled by default. To disable it in production, set the property 'springdoc.api-docs.enabled=false'
2026-10-07T09:59:28.120+03:00  WARN 10756 --- [hotel-booking-app] [restartedMain] o.s.core.events.SpringDocAppInitializer  : SpringDoc /swagger-ui.html endpoint is enabled by default. To disable it in production, set the property 'springdoc.swagger-ui.enabled=false'
2026-10-07T09:59:34.015+03:00  INFO 10756 --- [hotel-booking-app] [http-nio-8000-exec-1] o.a.c.c.C.[Tomcat].[localhost].[/]       : Initializing Spring DispatcherServlet 'dispatcherServlet'
2026-10-07T09:59:34.016+03:00  INFO 10756 --- [hotel-booking-app] [http-nio-8000-exec-1] o.s.web.servlet.DispatcherServlet        : Initializing Servlet 'dispatcherServlet'
2026-10-07T09:59:34.021+03:00  INFO 10756 --- [hotel-booking-app] [http-nio-8000-exec-1] o.s.web.servlet.DispatcherServlet        : Completed initialization in 4 ms
2026-10-07T09:59:56.733+03:00  INFO 10756 --- [hotel-booking-app] [SpringApplicationShutdownHook] o.s.boot.tomcat.GracefulShutdown         : Commencing graceful shutdown. Waiting for active requests to complete
2026-10-07T09:59:57.014+03:00  INFO 10756 --- [hotel-booking-app] [tomcat-shutdown] o.s.boot.tomcat.GracefulShutdown         : Graceful shutdown complete
2026-10-07T09:59:57.017+03:00  INFO 10756 --- [hotel-booking-app] [SpringApplicationShutdownHook] o.s.m.s.b.SimpleBrokerMessageHandler     : Stopping...
2026-10-07T09:59:57.018+03:00  INFO 10756 --- [hotel-booking-app] [SpringApplicationShutdownHook] o.s.m.s.b.SimpleBrokerMessageHandler     : BrokerAvailabilityEvent[available=false, SimpleBrokerMessageHandler [org.springframework.messaging.simp.broker.DefaultSubscriptionRegistry@13b2e223]]
2026-10-07T09:59:57.018+03:00  INFO 10756 --- [hotel-booking-app] [SpringApplicationShutdownHook] o.s.m.s.b.SimpleBrokerMessageHandler     : Stopped.
2026-10-07T09:59:57.032+03:00  INFO 10756 --- [hotel-booking-app] [SpringApplicationShutdownHook] j.LocalContainerEntityManagerFactoryBean : Closing JPA EntityManagerFactory for persistence unit 'default'
2026-10-07T09:59:57.040+03:00  INFO 10756 --- [hotel-booking-app] [SpringApplicationShutdownHook] com.zaxxer.hikari.HikariDataSource       : HikariPool-1 - Shutdown initiated...
2026-10-07T09:59:57.049+03:00  INFO 10756 --- [hotel-booking-app] [SpringApplicationShutdownHook] com.zaxxer.hikari.HikariDataSource       : HikariPool-1 - Shutdown completed.
2026-10-07T10:00:07.918+03:00  INFO 11516 --- [hotel-booking-app] [restartedMain] c.g.h.HotelBookingAppApplication         : Starting HotelBookingAppApplication using Java 17.0.20.1 with PID 11516 (C:\Users\DELL\Ijdb\project\hotel-booking-app\target\classes started by DELL in C:\Users\DELL\Ijdb\project\hotel-booking-app)
2026-10-07T10:00:07.933+03:00  INFO 11516 --- [hotel-booking-app] [restartedMain] c.g.h.HotelBookingAppApplication         : The following 1 profile is active: "production"
2026-10-07T10:00:08.118+03:00  INFO 11516 --- [hotel-booking-app] [restartedMain] .e.DevToolsPropertyDefaultsPostProcessor : Devtools property defaults active! Set 'spring.devtools.add-properties' to 'false' to disable
2026-10-07T10:00:08.119+03:00  INFO 11516 --- [hotel-booking-app] [restartedMain] .e.DevToolsPropertyDefaultsPostProcessor : For additional web related logging consider setting the 'logging.level.web' property to 'DEBUG'
2026-10-07T10:00:12.086+03:00  INFO 11516 --- [hotel-booking-app] [restartedMain] .s.d.r.c.RepositoryConfigurationDelegate : Bootstrapping Spring Data JPA repositories in DEFAULT mode.
2026-10-07T10:00:12.481+03:00  INFO 11516 --- [hotel-booking-app] [restartedMain] .s.d.r.c.RepositoryConfigurationDelegate : Finished Spring Data repository scanning in 363 ms. Found 12 JPA repository interfaces.
2026-10-07T10:00:15.183+03:00  INFO 11516 --- [hotel-booking-app] [restartedMain] o.s.boot.tomcat.TomcatWebServer          : Tomcat initialized with port 8000 (http)
2026-10-07T10:00:15.240+03:00  INFO 11516 --- [hotel-booking-app] [restartedMain] o.apache.catalina.core.StandardService   : Starting service [Tomcat]
2026-10-07T10:00:15.241+03:00  INFO 11516 --- [hotel-booking-app] [restartedMain] o.apache.catalina.core.StandardEngine    : Starting Servlet engine: [Apache Tomcat/11.0.24]
2026-10-07T10:00:15.427+03:00  INFO 11516 --- [hotel-booking-app] [restartedMain] b.w.c.s.WebApplicationContextInitializer : Root WebApplicationContext: initialization completed in 7306 ms
2026-10-07T10:00:16.026+03:00  INFO 11516 --- [hotel-booking-app] [restartedMain] org.hibernate.orm.jpa                    : HHH008540: Processing PersistenceUnitInfo [name: default]
2026-10-07T10:00:16.262+03:00  INFO 11516 --- [hotel-booking-app] [restartedMain] org.hibernate.orm.core                   : HHH000001: Hibernate ORM core version 7.4.5.Final
2026-10-07T10:00:17.711+03:00  INFO 11516 --- [hotel-booking-app] [restartedMain] o.s.o.j.p.SpringPersistenceUnitInfo      : No LoadTimeWeaver setup: ignoring JPA class transformer
2026-10-07T10:00:17.791+03:00  INFO 11516 --- [hotel-booking-app] [restartedMain] com.zaxxer.hikari.HikariDataSource       : HikariPool-1 - Starting...
2026-10-07T10:00:18.239+03:00  INFO 11516 --- [hotel-booking-app] [restartedMain] com.zaxxer.hikari.pool.HikariPool        : HikariPool-1 - Added connection org.postgresql.jdbc.PgConnection@7b23fc40
2026-10-07T10:00:18.243+03:00  INFO 11516 --- [hotel-booking-app] [restartedMain] com.zaxxer.hikari.HikariDataSource       : HikariPool-1 - Start completed.
2026-10-07T10:00:18.449+03:00  INFO 11516 --- [hotel-booking-app] [restartedMain] org.hibernate.orm.connections.pooling    : HHH10001005: Database info:
	Database JDBC URL [jdbc:postgresql://localhost:5434/hotel-booking-app]
	Database driver: PostgreSQL JDBC Driver
	Database dialect: PostgreSQLDialect
	Database version: 18.6
	Default catalog/schema: hotel-booking-app/public
	Autocommit mode: undefined/unknown
	Isolation level: READ_COMMITTED [default READ_COMMITTED]
	JDBC fetch size: none
	Pool: DataSourceConnectionProvider
	Minimum pool size: undefined/unknown
	Maximum pool size: undefined/unknown
2026-10-07T10:00:21.344+03:00  INFO 11516 --- [hotel-booking-app] [restartedMain] org.hibernate.orm.core                   : HHH000489: No JTA platform available (set 'hibernate.transaction.jta.platform' to enable JTA platform integration)
2026-10-07T10:00:21.544+03:00  INFO 11516 --- [hotel-booking-app] [restartedMain] j.LocalContainerEntityManagerFactoryBean : Initialized JPA EntityManagerFactory for persistence unit 'default'
2026-10-07T10:00:21.728+03:00  INFO 11516 --- [hotel-booking-app] [restartedMain] o.s.d.j.r.query.QueryEnhancerFactories   : Hibernate is in classpath; If applicable, HQL parser will be used.
2026-10-07T10:00:27.905+03:00  WARN 11516 --- [hotel-booking-app] [restartedMain] JpaBaseConfiguration$JpaWebConfiguration : spring.jpa.open-in-view is enabled by default. Therefore, database queries may be performed during view rendering. Explicitly configure spring.jpa.open-in-view to disable this warning
2026-10-07T10:00:28.325+03:00  INFO 11516 --- [hotel-booking-app] [restartedMain] r$InitializeUserDetailsManagerConfigurer : Global AuthenticationManager configured with UserDetailsService bean with name myUserDetailsService
2026-10-07T10:00:30.309+03:00  INFO 11516 --- [hotel-booking-app] [restartedMain] o.s.m.s.b.SimpleBrokerMessageHandler     : Starting...
2026-10-07T10:00:30.313+03:00  INFO 11516 --- [hotel-booking-app] [restartedMain] o.s.m.s.b.SimpleBrokerMessageHandler     : BrokerAvailabilityEvent[available=true, SimpleBrokerMessageHandler [org.springframework.messaging.simp.broker.DefaultSubscriptionRegistry@7c912538]]
2026-10-07T10:00:30.316+03:00  INFO 11516 --- [hotel-booking-app] [restartedMain] o.s.m.s.b.SimpleBrokerMessageHandler     : Started.
2026-10-07T10:00:30.415+03:00  INFO 11516 --- [hotel-booking-app] [restartedMain] o.s.boot.tomcat.TomcatWebServer          : Tomcat started on port 8000 (http) with context path '/'
2026-10-07T10:00:30.442+03:00  INFO 11516 --- [hotel-booking-app] [restartedMain] c.g.h.HotelBookingAppApplication         : Started HotelBookingAppApplication in 24.37 seconds (process running for 26.375)
2026-10-07T10:00:31.088+03:00  WARN 11516 --- [hotel-booking-app] [restartedMain] o.s.core.events.SpringDocAppInitializer  : SpringDoc /v3/api-docs endpoint is enabled by default. To disable it in production, set the property 'springdoc.api-docs.enabled=false'
2026-10-07T10:00:31.089+03:00  WARN 11516 --- [hotel-booking-app] [restartedMain] o.s.core.events.SpringDocAppInitializer  : SpringDoc /swagger-ui.html endpoint is enabled by default. To disable it in production, set the property 'springdoc.swagger-ui.enabled=false'
2026-10-07T10:00:46.318+03:00  INFO 11516 --- [hotel-booking-app] [http-nio-8000-exec-3] o.a.c.c.C.[Tomcat].[localhost].[/]       : Initializing Spring DispatcherServlet 'dispatcherServlet'
2026-10-07T10:00:46.318+03:00  INFO 11516 --- [hotel-booking-app] [http-nio-8000-exec-3] o.s.web.servlet.DispatcherServlet        : Initializing Servlet 'dispatcherServlet'
2026-10-07T10:00:46.320+03:00  INFO 11516 --- [hotel-booking-app] [http-nio-8000-exec-3] o.s.web.servlet.DispatcherServlet        : Completed initialization in 2 ms
2026-10-07T10:01:30.316+03:00  INFO 11516 --- [hotel-booking-app] [MessageBroker-1] o.s.w.s.c.WebSocketMessageBrokerStats    : WebSocketSession[0 current WS(0)-HttpStream(0)-HttpPoll(0), 0 total, 0 closed abnormally (0 connect failure, 0 send limit, 0 transport error)], stompSubProtocol[processed CONNECT(0)-CONNECTED(0)-DISCONNECT(0)], stompBrokerRelay[null], inboundChannel[pool size = 0, active threads = 0, queued tasks = 0, completed tasks = 0], outboundChannel[pool size = 0, active threads = 0, queued tasks = 0, completed tasks = 0], sockJsScheduler[pool size = 1, active threads = 1, queued tasks = 0, completed tasks = 0]
2026-10-07T10:02:41.543+03:00  INFO 11516 --- [hotel-booking-app] [SpringApplicationShutdownHook] o.s.boot.tomcat.GracefulShutdown         : Commencing graceful shutdown. Waiting for active requests to complete
2026-10-07T10:02:41.699+03:00  INFO 11516 --- [hotel-booking-app] [tomcat-shutdown] o.s.boot.tomcat.GracefulShutdown         : Graceful shutdown complete
2026-10-07T10:02:41.707+03:00  INFO 11516 --- [hotel-booking-app] [SpringApplicationShutdownHook] o.s.m.s.b.SimpleBrokerMessageHandler     : Stopping...
2026-10-07T10:02:41.707+03:00  INFO 11516 --- [hotel-booking-app] [SpringApplicationShutdownHook] o.s.m.s.b.SimpleBrokerMessageHandler     : BrokerAvailabilityEvent[available=false, SimpleBrokerMessageHandler [org.springframework.messaging.simp.broker.DefaultSubscriptionRegistry@7c912538]]
2026-10-07T10:02:41.707+03:00  INFO 11516 --- [hotel-booking-app] [SpringApplicationShutdownHook] o.s.m.s.b.SimpleBrokerMessageHandler     : Stopped.
2026-10-07T10:02:41.713+03:00  INFO 11516 --- [hotel-booking-app] [SpringApplicationShutdownHook] j.LocalContainerEntityManagerFactoryBean : Closing JPA EntityManagerFactory for persistence unit 'default'
2026-10-07T10:02:41.717+03:00  INFO 11516 --- [hotel-booking-app] [SpringApplicationShutdownHook] com.zaxxer.hikari.HikariDataSource       : HikariPool-1 - Shutdown initiated...
2026-10-07T10:02:41.720+03:00  INFO 11516 --- [hotel-booking-app] [SpringApplicationShutdownHook] com.zaxxer.hikari.HikariDataSource       : HikariPool-1 - Shutdown completed.
2026-10-07T10:02:50.376+03:00  INFO 14320 --- [hotel-booking-app] [restartedMain] c.g.h.HotelBookingAppApplication         : Starting HotelBookingAppApplication using Java 17.0.20.1 with PID 14320 (C:\Users\DELL\Ijdb\project\hotel-booking-app\target\classes started by DELL in C:\Users\DELL\Ijdb\project\hotel-booking-app)
2026-10-07T10:02:50.388+03:00  INFO 14320 --- [hotel-booking-app] [restartedMain] c.g.h.HotelBookingAppApplication         : The following 1 profile is active: "production"
2026-10-07T10:02:50.589+03:00  INFO 14320 --- [hotel-booking-app] [restartedMain] .e.DevToolsPropertyDefaultsPostProcessor : Devtools property defaults active! Set 'spring.devtools.add-properties' to 'false' to disable
2026-10-07T10:02:50.590+03:00  INFO 14320 --- [hotel-booking-app] [restartedMain] .e.DevToolsPropertyDefaultsPostProcessor : For additional web related logging consider setting the 'logging.level.web' property to 'DEBUG'
2026-10-07T10:02:53.511+03:00  INFO 14320 --- [hotel-booking-app] [restartedMain] .s.d.r.c.RepositoryConfigurationDelegate : Bootstrapping Spring Data JPA repositories in DEFAULT mode.
2026-10-07T10:02:53.719+03:00  INFO 14320 --- [hotel-booking-app] [restartedMain] .s.d.r.c.RepositoryConfigurationDelegate : Finished Spring Data repository scanning in 186 ms. Found 12 JPA repository interfaces.
2026-10-07T10:02:55.383+03:00  INFO 14320 --- [hotel-booking-app] [restartedMain] o.s.boot.tomcat.TomcatWebServer          : Tomcat initialized with port 8000 (http)
2026-10-07T10:02:55.416+03:00  INFO 14320 --- [hotel-booking-app] [restartedMain] o.apache.catalina.core.StandardService   : Starting service [Tomcat]
2026-10-07T10:02:55.417+03:00  INFO 14320 --- [hotel-booking-app] [restartedMain] o.apache.catalina.core.StandardEngine    : Starting Servlet engine: [Apache Tomcat/11.0.24]
2026-10-07T10:02:55.548+03:00  INFO 14320 --- [hotel-booking-app] [restartedMain] b.w.c.s.WebApplicationContextInitializer : Root WebApplicationContext: initialization completed in 4955 ms
2026-10-07T10:02:55.912+03:00  INFO 14320 --- [hotel-booking-app] [restartedMain] org.hibernate.orm.jpa                    : HHH008540: Processing PersistenceUnitInfo [name: default]
2026-10-07T10:02:56.036+03:00  INFO 14320 --- [hotel-booking-app] [restartedMain] org.hibernate.orm.core                   : HHH000001: Hibernate ORM core version 7.4.5.Final
2026-10-07T10:02:57.149+03:00  INFO 14320 --- [hotel-booking-app] [restartedMain] o.s.o.j.p.SpringPersistenceUnitInfo      : No LoadTimeWeaver setup: ignoring JPA class transformer
2026-10-07T10:02:57.211+03:00  INFO 14320 --- [hotel-booking-app] [restartedMain] com.zaxxer.hikari.HikariDataSource       : HikariPool-1 - Starting...
2026-10-07T10:02:57.560+03:00  INFO 14320 --- [hotel-booking-app] [restartedMain] com.zaxxer.hikari.pool.HikariPool        : HikariPool-1 - Added connection org.postgresql.jdbc.PgConnection@3ae88b97
2026-10-07T10:02:57.563+03:00  INFO 14320 --- [hotel-booking-app] [restartedMain] com.zaxxer.hikari.HikariDataSource       : HikariPool-1 - Start completed.
2026-10-07T10:02:57.709+03:00  INFO 14320 --- [hotel-booking-app] [restartedMain] org.hibernate.orm.connections.pooling    : HHH10001005: Database info:
	Database JDBC URL [jdbc:postgresql://localhost:5434/hotel-booking-app]
	Database driver: PostgreSQL JDBC Driver
	Database dialect: PostgreSQLDialect
	Database version: 18.6
	Default catalog/schema: hotel-booking-app/public
	Autocommit mode: undefined/unknown
	Isolation level: READ_COMMITTED [default READ_COMMITTED]
	JDBC fetch size: none
	Pool: DataSourceConnectionProvider
	Minimum pool size: undefined/unknown
	Maximum pool size: undefined/unknown
2026-10-07T10:03:00.343+03:00  INFO 14320 --- [hotel-booking-app] [restartedMain] org.hibernate.orm.core                   : HHH000489: No JTA platform available (set 'hibernate.transaction.jta.platform' to enable JTA platform integration)
2026-10-07T10:03:00.540+03:00  INFO 14320 --- [hotel-booking-app] [restartedMain] j.LocalContainerEntityManagerFactoryBean : Initialized JPA EntityManagerFactory for persistence unit 'default'
2026-10-07T10:03:00.676+03:00  INFO 14320 --- [hotel-booking-app] [restartedMain] o.s.d.j.r.query.QueryEnhancerFactories   : Hibernate is in classpath; If applicable, HQL parser will be used.
2026-10-07T10:03:05.885+03:00  WARN 14320 --- [hotel-booking-app] [restartedMain] JpaBaseConfiguration$JpaWebConfiguration : spring.jpa.open-in-view is enabled by default. Therefore, database queries may be performed during view rendering. Explicitly configure spring.jpa.open-in-view to disable this warning
2026-10-07T10:03:06.201+03:00  INFO 14320 --- [hotel-booking-app] [restartedMain] r$InitializeUserDetailsManagerConfigurer : Global AuthenticationManager configured with UserDetailsService bean with name myUserDetailsService
2026-10-07T10:03:07.724+03:00  INFO 14320 --- [hotel-booking-app] [restartedMain] o.s.m.s.b.SimpleBrokerMessageHandler     : Starting...
2026-10-07T10:03:07.725+03:00  INFO 14320 --- [hotel-booking-app] [restartedMain] o.s.m.s.b.SimpleBrokerMessageHandler     : BrokerAvailabilityEvent[available=true, SimpleBrokerMessageHandler [org.springframework.messaging.simp.broker.DefaultSubscriptionRegistry@5b2f4429]]
2026-10-07T10:03:07.726+03:00  INFO 14320 --- [hotel-booking-app] [restartedMain] o.s.m.s.b.SimpleBrokerMessageHandler     : Started.
2026-10-07T10:03:07.763+03:00  INFO 14320 --- [hotel-booking-app] [restartedMain] o.s.boot.tomcat.TomcatWebServer          : Tomcat started on port 8000 (http) with context path '/'
2026-10-07T10:03:07.784+03:00  INFO 14320 --- [hotel-booking-app] [restartedMain] c.g.h.HotelBookingAppApplication         : Started HotelBookingAppApplication in 19.687 seconds (process running for 21.603)
2026-10-07T10:03:08.425+03:00  WARN 14320 --- [hotel-booking-app] [restartedMain] o.s.core.events.SpringDocAppInitializer  : SpringDoc /v3/api-docs endpoint is enabled by default. To disable it in production, set the property 'springdoc.api-docs.enabled=false'
2026-10-07T10:03:08.426+03:00  WARN 14320 --- [hotel-booking-app] [restartedMain] o.s.core.events.SpringDocAppInitializer  : SpringDoc /swagger-ui.html endpoint is enabled by default. To disable it in production, set the property 'springdoc.swagger-ui.enabled=false'
2026-10-07T10:03:33.557+03:00  INFO 14320 --- [hotel-booking-app] [http-nio-8000-exec-1] o.a.c.c.C.[Tomcat].[localhost].[/]       : Initializing Spring DispatcherServlet 'dispatcherServlet'
2026-10-07T10:03:33.557+03:00  INFO 14320 --- [hotel-booking-app] [http-nio-8000-exec-1] o.s.web.servlet.DispatcherServlet        : Initializing Servlet 'dispatcherServlet'
2026-10-07T10:03:33.559+03:00  INFO 14320 --- [hotel-booking-app] [http-nio-8000-exec-1] o.s.web.servlet.DispatcherServlet        : Completed initialization in 2 ms
2026-10-07T10:03:33.603+03:00  INFO 14320 --- [hotel-booking-app] [http-nio-8000-exec-1] c.g.h.controller.LogController           : Log level: INFO
2026-10-07T10:03:33.603+03:00 ERROR 14320 --- [hotel-booking-app] [http-nio-8000-exec-1] c.g.h.controller.LogController           : Log level: ERROR
2026-10-07T10:03:33.603+03:00  WARN 14320 --- [hotel-booking-app] [http-nio-8000-exec-1] c.g.h.controller.LogController           : Log level: WARN
2026-10-07T10:04:07.738+03:00  INFO 14320 --- [hotel-booking-app] [MessageBroker-1] o.s.w.s.c.WebSocketMessageBrokerStats    : WebSocketSession[0 current WS(0)-HttpStream(0)-HttpPoll(0), 0 total, 0 closed abnormally (0 connect failure, 0 send limit, 0 transport error)], stompSubProtocol[processed CONNECT(0)-CONNECTED(0)-DISCONNECT(0)], stompBrokerRelay[null], inboundChannel[pool size = 0, active threads = 0, queued tasks = 0, completed tasks = 0], outboundChannel[pool size = 0, active threads = 0, queued tasks = 0, completed tasks = 0], sockJsScheduler[pool size = 1, active threads = 1, queued tasks = 0, completed tasks = 0]
2026-10-07T10:04:30.930+03:00  INFO 14320 --- [hotel-booking-app] [http-nio-8000-exec-3] c.g.h.controller.LogController           : Log level: INFO
2026-10-07T10:04:30.930+03:00 ERROR 14320 --- [hotel-booking-app] [http-nio-8000-exec-3] c.g.h.controller.LogController           : Log level: ERROR
2026-10-07T10:04:30.931+03:00  WARN 14320 --- [hotel-booking-app] [http-nio-8000-exec-3] c.g.h.controller.LogController           : Log level: WARN
2026-10-07T10:04:59.136+03:00  INFO 14320 --- [hotel-booking-app] [SpringApplicationShutdownHook] o.s.boot.tomcat.GracefulShutdown         : Commencing graceful shutdown. Waiting for active requests to complete
2026-10-07T10:04:59.293+03:00  INFO 14320 --- [hotel-booking-app] [tomcat-shutdown] o.s.boot.tomcat.GracefulShutdown         : Graceful shutdown complete
2026-10-07T10:04:59.294+03:00  INFO 14320 --- [hotel-booking-app] [SpringApplicationShutdownHook] o.s.m.s.b.SimpleBrokerMessageHandler     : Stopping...
2026-10-07T10:04:59.294+03:00  INFO 14320 --- [hotel-booking-app] [SpringApplicationShutdownHook] o.s.m.s.b.SimpleBrokerMessageHandler     : BrokerAvailabilityEvent[available=false, SimpleBrokerMessageHandler [org.springframework.messaging.simp.broker.DefaultSubscriptionRegistry@5b2f4429]]
2026-10-07T10:04:59.294+03:00  INFO 14320 --- [hotel-booking-app] [SpringApplicationShutdownHook] o.s.m.s.b.SimpleBrokerMessageHandler     : Stopped.
2026-10-07T10:04:59.299+03:00  INFO 14320 --- [hotel-booking-app] [SpringApplicationShutdownHook] j.LocalContainerEntityManagerFactoryBean : Closing JPA EntityManagerFactory for persistence unit 'default'
2026-10-07T10:04:59.304+03:00  INFO 14320 --- [hotel-booking-app] [SpringApplicationShutdownHook] com.zaxxer.hikari.HikariDataSource       : HikariPool-1 - Shutdown initiated...
2026-10-07T10:04:59.306+03:00  INFO 14320 --- [hotel-booking-app] [SpringApplicationShutdownHook] com.zaxxer.hikari.HikariDataSource       : HikariPool-1 - Shutdown completed.
2026-10-07T10:05:02.846+03:00  INFO 6624 --- [hotel-booking-app] [restartedMain] c.g.h.HotelBookingAppApplication         : Starting HotelBookingAppApplication using Java 17.0.20.1 with PID 6624 (C:\Users\DELL\Ijdb\project\hotel-booking-app\target\classes started by DELL in C:\Users\DELL\Ijdb\project\hotel-booking-app)
2026-10-07T10:05:02.855+03:00  INFO 6624 --- [hotel-booking-app] [restartedMain] c.g.h.HotelBookingAppApplication         : The following 1 profile is active: "production"
2026-10-07T10:05:03.026+03:00  INFO 6624 --- [hotel-booking-app] [restartedMain] .e.DevToolsPropertyDefaultsPostProcessor : Devtools property defaults active! Set 'spring.devtools.add-properties' to 'false' to disable
2026-10-07T10:05:03.027+03:00  INFO 6624 --- [hotel-booking-app] [restartedMain] .e.DevToolsPropertyDefaultsPostProcessor : For additional web related logging consider setting the 'logging.level.web' property to 'DEBUG'
2026-10-07T10:05:11.465+03:00  INFO 6624 --- [hotel-booking-app] [restartedMain] .s.d.r.c.RepositoryConfigurationDelegate : Bootstrapping Spring Data JPA repositories in DEFAULT mode.
2026-10-07T10:05:12.106+03:00  INFO 6624 --- [hotel-booking-app] [restartedMain] .s.d.r.c.RepositoryConfigurationDelegate : Finished Spring Data repository scanning in 544 ms. Found 12 JPA repository interfaces.
2026-10-07T10:05:15.593+03:00  INFO 6624 --- [hotel-booking-app] [restartedMain] o.s.boot.tomcat.TomcatWebServer          : Tomcat initialized with port 8000 (http)
2026-10-07T10:05:15.646+03:00  INFO 6624 --- [hotel-booking-app] [restartedMain] o.apache.catalina.core.StandardService   : Starting service [Tomcat]
2026-10-07T10:05:15.649+03:00  INFO 6624 --- [hotel-booking-app] [restartedMain] o.apache.catalina.core.StandardEngine    : Starting Servlet engine: [Apache Tomcat/11.0.24]
2026-10-07T10:05:15.835+03:00  INFO 6624 --- [hotel-booking-app] [restartedMain] b.w.c.s.WebApplicationContextInitializer : Root WebApplicationContext: initialization completed in 12805 ms
2026-10-07T10:05:16.493+03:00  INFO 6624 --- [hotel-booking-app] [restartedMain] org.hibernate.orm.jpa                    : HHH008540: Processing PersistenceUnitInfo [name: default]
2026-10-07T10:05:16.643+03:00  INFO 6624 --- [hotel-booking-app] [restartedMain] org.hibernate.orm.core                   : HHH000001: Hibernate ORM core version 7.4.5.Final
2026-10-07T10:05:18.170+03:00  INFO 6624 --- [hotel-booking-app] [restartedMain] o.s.o.j.p.SpringPersistenceUnitInfo      : No LoadTimeWeaver setup: ignoring JPA class transformer
2026-10-07T10:05:18.329+03:00  INFO 6624 --- [hotel-booking-app] [restartedMain] com.zaxxer.hikari.HikariDataSource       : HikariPool-1 - Starting...
2026-10-07T10:05:18.913+03:00  INFO 6624 --- [hotel-booking-app] [restartedMain] com.zaxxer.hikari.pool.HikariPool        : HikariPool-1 - Added connection org.postgresql.jdbc.PgConnection@7bbd6c49
2026-10-07T10:05:18.918+03:00  INFO 6624 --- [hotel-booking-app] [restartedMain] com.zaxxer.hikari.HikariDataSource       : HikariPool-1 - Start completed.
2026-10-07T10:05:19.242+03:00  INFO 6624 --- [hotel-booking-app] [restartedMain] org.hibernate.orm.connections.pooling    : HHH10001005: Database info:
	Database JDBC URL [jdbc:postgresql://localhost:5434/hotel-booking-app]
	Database driver: PostgreSQL JDBC Driver
	Database dialect: PostgreSQLDialect
	Database version: 18.6
	Default catalog/schema: hotel-booking-app/public
	Autocommit mode: undefined/unknown
	Isolation level: READ_COMMITTED [default READ_COMMITTED]
	JDBC fetch size: none
	Pool: DataSourceConnectionProvider
	Minimum pool size: undefined/unknown
	Maximum pool size: undefined/unknown
2026-10-07T10:05:23.201+03:00  INFO 6624 --- [hotel-booking-app] [restartedMain] org.hibernate.orm.core                   : HHH000489: No JTA platform available (set 'hibernate.transaction.jta.platform' to enable JTA platform integration)
2026-10-07T10:05:23.386+03:00  INFO 6624 --- [hotel-booking-app] [restartedMain] j.LocalContainerEntityManagerFactoryBean : Initialized JPA EntityManagerFactory for persistence unit 'default'
2026-10-07T10:05:23.541+03:00  INFO 6624 --- [hotel-booking-app] [restartedMain] o.s.d.j.r.query.QueryEnhancerFactories   : Hibernate is in classpath; If applicable, HQL parser will be used.
2026-10-07T10:05:28.757+03:00  WARN 6624 --- [hotel-booking-app] [restartedMain] JpaBaseConfiguration$JpaWebConfiguration : spring.jpa.open-in-view is enabled by default. Therefore, database queries may be performed during view rendering. Explicitly configure spring.jpa.open-in-view to disable this warning
2026-10-07T10:05:29.053+03:00  INFO 6624 --- [hotel-booking-app] [restartedMain] r$InitializeUserDetailsManagerConfigurer : Global AuthenticationManager configured with UserDetailsService bean with name myUserDetailsService
2026-10-07T10:05:30.451+03:00  INFO 6624 --- [hotel-booking-app] [restartedMain] o.s.m.s.b.SimpleBrokerMessageHandler     : Starting...
2026-10-07T10:05:30.453+03:00  INFO 6624 --- [hotel-booking-app] [restartedMain] o.s.m.s.b.SimpleBrokerMessageHandler     : BrokerAvailabilityEvent[available=true, SimpleBrokerMessageHandler [org.springframework.messaging.simp.broker.DefaultSubscriptionRegistry@2fee7d0d]]
2026-10-07T10:05:30.455+03:00  INFO 6624 --- [hotel-booking-app] [restartedMain] o.s.m.s.b.SimpleBrokerMessageHandler     : Started.
2026-10-07T10:05:30.506+03:00  INFO 6624 --- [hotel-booking-app] [restartedMain] o.s.boot.tomcat.TomcatWebServer          : Tomcat started on port 8000 (http) with context path '/'
2026-10-07T10:05:30.526+03:00  INFO 6624 --- [hotel-booking-app] [restartedMain] c.g.h.HotelBookingAppApplication         : Started HotelBookingAppApplication in 28.984 seconds (process running for 30.107)
2026-10-07T10:05:30.946+03:00  WARN 6624 --- [hotel-booking-app] [restartedMain] o.s.core.events.SpringDocAppInitializer  : SpringDoc /v3/api-docs endpoint is enabled by default. To disable it in production, set the property 'springdoc.api-docs.enabled=false'
2026-10-07T10:05:30.947+03:00  WARN 6624 --- [hotel-booking-app] [restartedMain] o.s.core.events.SpringDocAppInitializer  : SpringDoc /swagger-ui.html endpoint is enabled by default. To disable it in production, set the property 'springdoc.swagger-ui.enabled=false'
2026-10-07T10:06:30.450+03:00  INFO 6624 --- [hotel-booking-app] [MessageBroker-1] o.s.w.s.c.WebSocketMessageBrokerStats    : WebSocketSession[0 current WS(0)-HttpStream(0)-HttpPoll(0), 0 total, 0 closed abnormally (0 connect failure, 0 send limit, 0 transport error)], stompSubProtocol[processed CONNECT(0)-CONNECTED(0)-DISCONNECT(0)], stompBrokerRelay[null], inboundChannel[pool size = 0, active threads = 0, queued tasks = 0, completed tasks = 0], outboundChannel[pool size = 0, active threads = 0, queued tasks = 0, completed tasks = 0], sockJsScheduler[pool size = 1, active threads = 1, queued tasks = 0, completed tasks = 0]
2026-10-07T10:47:43.881+03:00  INFO 18616 --- [hotel-booking-app] [restartedMain] c.g.h.HotelBookingAppApplication         : Starting HotelBookingAppApplication using Java 17.0.20.1 with PID 18616 (C:\Users\DELL\Ijdb\project\hotel-booking-app\target\classes started by DELL in C:\Users\DELL\Ijdb\project\hotel-booking-app)
2026-10-07T10:47:43.916+03:00  INFO 18616 --- [hotel-booking-app] [restartedMain] c.g.h.HotelBookingAppApplication         : The following 1 profile is active: "production"
2026-10-07T10:47:44.163+03:00  INFO 18616 --- [hotel-booking-app] [restartedMain] .e.DevToolsPropertyDefaultsPostProcessor : Devtools property defaults active! Set 'spring.devtools.add-properties' to 'false' to disable
2026-10-07T10:47:44.164+03:00  INFO 18616 --- [hotel-booking-app] [restartedMain] .e.DevToolsPropertyDefaultsPostProcessor : For additional web related logging consider setting the 'logging.level.web' property to 'DEBUG'
2026-10-07T10:47:46.193+03:00  INFO 18616 --- [hotel-booking-app] [restartedMain] .s.d.r.c.RepositoryConfigurationDelegate : Bootstrapping Spring Data JPA repositories in DEFAULT mode.
2026-10-07T10:47:46.327+03:00  INFO 18616 --- [hotel-booking-app] [restartedMain] .s.d.r.c.RepositoryConfigurationDelegate : Finished Spring Data repository scanning in 118 ms. Found 12 JPA repository interfaces.
2026-10-07T10:47:47.551+03:00  INFO 18616 --- [hotel-booking-app] [restartedMain] o.s.boot.tomcat.TomcatWebServer          : Tomcat initialized with port 8000 (http)
2026-10-07T10:47:47.574+03:00  INFO 18616 --- [hotel-booking-app] [restartedMain] o.apache.catalina.core.StandardService   : Starting service [Tomcat]
2026-10-07T10:47:47.574+03:00  INFO 18616 --- [hotel-booking-app] [restartedMain] o.apache.catalina.core.StandardEngine    : Starting Servlet engine: [Apache Tomcat/11.0.24]
2026-10-07T10:47:47.665+03:00  INFO 18616 --- [hotel-booking-app] [restartedMain] b.w.c.s.WebApplicationContextInitializer : Root WebApplicationContext: initialization completed in 3497 ms
2026-10-07T10:47:47.952+03:00  INFO 18616 --- [hotel-booking-app] [restartedMain] org.hibernate.orm.jpa                    : HHH008540: Processing PersistenceUnitInfo [name: default]
2026-10-07T10:47:48.070+03:00  INFO 18616 --- [hotel-booking-app] [restartedMain] org.hibernate.orm.core                   : HHH000001: Hibernate ORM core version 7.4.5.Final
2026-10-07T10:47:49.618+03:00  INFO 18616 --- [hotel-booking-app] [restartedMain] o.s.o.j.p.SpringPersistenceUnitInfo      : No LoadTimeWeaver setup: ignoring JPA class transformer
2026-10-07T10:47:49.735+03:00  INFO 18616 --- [hotel-booking-app] [restartedMain] com.zaxxer.hikari.HikariDataSource       : HikariPool-1 - Starting...
2026-10-07T10:47:50.516+03:00  INFO 18616 --- [hotel-booking-app] [restartedMain] com.zaxxer.hikari.pool.HikariPool        : HikariPool-1 - Added connection org.postgresql.jdbc.PgConnection@6e873713
2026-10-07T10:47:50.521+03:00  INFO 18616 --- [hotel-booking-app] [restartedMain] com.zaxxer.hikari.HikariDataSource       : HikariPool-1 - Start completed.
2026-10-07T10:47:50.783+03:00  INFO 18616 --- [hotel-booking-app] [restartedMain] org.hibernate.orm.connections.pooling    : HHH10001005: Database info:
	Database JDBC URL [jdbc:postgresql://localhost:5434/hotel-booking-app]
	Database driver: PostgreSQL JDBC Driver
	Database dialect: PostgreSQLDialect
	Database version: 18.6
	Default catalog/schema: hotel-booking-app/public
	Autocommit mode: undefined/unknown
	Isolation level: READ_COMMITTED [default READ_COMMITTED]
	JDBC fetch size: none
	Pool: DataSourceConnectionProvider
	Minimum pool size: undefined/unknown
	Maximum pool size: undefined/unknown
2026-10-07T10:47:54.729+03:00  INFO 18616 --- [hotel-booking-app] [restartedMain] org.hibernate.orm.core                   : HHH000489: No JTA platform available (set 'hibernate.transaction.jta.platform' to enable JTA platform integration)
2026-10-07T10:47:54.969+03:00  INFO 18616 --- [hotel-booking-app] [restartedMain] j.LocalContainerEntityManagerFactoryBean : Initialized JPA EntityManagerFactory for persistence unit 'default'
2026-10-07T10:47:55.152+03:00  INFO 18616 --- [hotel-booking-app] [restartedMain] o.s.d.j.r.query.QueryEnhancerFactories   : Hibernate is in classpath; If applicable, HQL parser will be used.
2026-10-07T10:47:59.989+03:00  WARN 18616 --- [hotel-booking-app] [restartedMain] JpaBaseConfiguration$JpaWebConfiguration : spring.jpa.open-in-view is enabled by default. Therefore, database queries may be performed during view rendering. Explicitly configure spring.jpa.open-in-view to disable this warning
2026-10-07T10:48:00.354+03:00  INFO 18616 --- [hotel-booking-app] [restartedMain] r$InitializeUserDetailsManagerConfigurer : Global AuthenticationManager configured with UserDetailsService bean with name myUserDetailsService
2026-10-07T10:48:02.176+03:00  INFO 18616 --- [hotel-booking-app] [restartedMain] o.s.m.s.b.SimpleBrokerMessageHandler     : Starting...
2026-10-07T10:48:02.179+03:00  INFO 18616 --- [hotel-booking-app] [restartedMain] o.s.m.s.b.SimpleBrokerMessageHandler     : BrokerAvailabilityEvent[available=true, SimpleBrokerMessageHandler [org.springframework.messaging.simp.broker.DefaultSubscriptionRegistry@64ca3620]]
2026-10-07T10:48:02.181+03:00  INFO 18616 --- [hotel-booking-app] [restartedMain] o.s.m.s.b.SimpleBrokerMessageHandler     : Started.
2026-10-07T10:48:02.270+03:00  INFO 18616 --- [hotel-booking-app] [restartedMain] o.s.boot.tomcat.TomcatWebServer          : Tomcat started on port 8000 (http) with context path '/'
2026-10-07T10:48:02.296+03:00  INFO 18616 --- [hotel-booking-app] [restartedMain] c.g.h.HotelBookingAppApplication         : Started HotelBookingAppApplication in 19.406 seconds (process running for 20.638)
2026-10-07T10:48:02.856+03:00  WARN 18616 --- [hotel-booking-app] [restartedMain] o.s.core.events.SpringDocAppInitializer  : SpringDoc /v3/api-docs endpoint is enabled by default. To disable it in production, set the property 'springdoc.api-docs.enabled=false'
2026-10-07T10:48:02.858+03:00  WARN 18616 --- [hotel-booking-app] [restartedMain] o.s.core.events.SpringDocAppInitializer  : SpringDoc /swagger-ui.html endpoint is enabled by default. To disable it in production, set the property 'springdoc.swagger-ui.enabled=false'
2026-10-07T10:48:12.478+03:00  INFO 18616 --- [hotel-booking-app] [SpringApplicationShutdownHook] o.s.boot.tomcat.GracefulShutdown         : Commencing graceful shutdown. Waiting for active requests to complete
2026-10-07T10:48:12.818+03:00  INFO 18616 --- [hotel-booking-app] [tomcat-shutdown] o.s.boot.tomcat.GracefulShutdown         : Graceful shutdown complete
2026-10-07T10:48:12.821+03:00  INFO 18616 --- [hotel-booking-app] [SpringApplicationShutdownHook] o.s.m.s.b.SimpleBrokerMessageHandler     : Stopping...
2026-10-07T10:48:12.822+03:00  INFO 18616 --- [hotel-booking-app] [SpringApplicationShutdownHook] o.s.m.s.b.SimpleBrokerMessageHandler     : BrokerAvailabilityEvent[available=false, SimpleBrokerMessageHandler [org.springframework.messaging.simp.broker.DefaultSubscriptionRegistry@64ca3620]]
2026-10-07T10:48:12.823+03:00  INFO 18616 --- [hotel-booking-app] [SpringApplicationShutdownHook] o.s.m.s.b.SimpleBrokerMessageHandler     : Stopped.
2026-10-07T10:48:12.835+03:00  INFO 18616 --- [hotel-booking-app] [SpringApplicationShutdownHook] j.LocalContainerEntityManagerFactoryBean : Closing JPA EntityManagerFactory for persistence unit 'default'
2026-10-07T10:48:12.842+03:00  INFO 18616 --- [hotel-booking-app] [SpringApplicationShutdownHook] com.zaxxer.hikari.HikariDataSource       : HikariPool-1 - Shutdown initiated...
2026-10-07T10:48:12.851+03:00  INFO 18616 --- [hotel-booking-app] [SpringApplicationShutdownHook] com.zaxxer.hikari.HikariDataSource       : HikariPool-1 - Shutdown completed.
2026-10-07T10:48:16.410+03:00  INFO 8936 --- [hotel-booking-app] [restartedMain] c.g.h.HotelBookingAppApplication         : Starting HotelBookingAppApplication using Java 17.0.20.1 with PID 8936 (C:\Users\DELL\Ijdb\project\hotel-booking-app\target\classes started by DELL in C:\Users\DELL\Ijdb\project\hotel-booking-app)
2026-10-07T10:48:16.420+03:00  INFO 8936 --- [hotel-booking-app] [restartedMain] c.g.h.HotelBookingAppApplication         : The following 1 profile is active: "production"
2026-10-07T10:48:16.542+03:00  INFO 8936 --- [hotel-booking-app] [restartedMain] .e.DevToolsPropertyDefaultsPostProcessor : Devtools property defaults active! Set 'spring.devtools.add-properties' to 'false' to disable
2026-10-07T10:48:16.543+03:00  INFO 8936 --- [hotel-booking-app] [restartedMain] .e.DevToolsPropertyDefaultsPostProcessor : For additional web related logging consider setting the 'logging.level.web' property to 'DEBUG'
2026-10-07T10:48:19.354+03:00  INFO 8936 --- [hotel-booking-app] [restartedMain] .s.d.r.c.RepositoryConfigurationDelegate : Bootstrapping Spring Data JPA repositories in DEFAULT mode.
2026-10-07T10:48:19.818+03:00  INFO 8936 --- [hotel-booking-app] [restartedMain] .s.d.r.c.RepositoryConfigurationDelegate : Finished Spring Data repository scanning in 406 ms. Found 12 JPA repository interfaces.
2026-10-07T10:48:23.614+03:00  INFO 8936 --- [hotel-booking-app] [restartedMain] o.s.boot.tomcat.TomcatWebServer          : Tomcat initialized with port 8000 (http)
2026-10-07T10:48:23.674+03:00  INFO 8936 --- [hotel-booking-app] [restartedMain] o.apache.catalina.core.StandardService   : Starting service [Tomcat]
2026-10-07T10:48:23.676+03:00  INFO 8936 --- [hotel-booking-app] [restartedMain] o.apache.catalina.core.StandardEngine    : Starting Servlet engine: [Apache Tomcat/11.0.24]
2026-10-07T10:48:23.940+03:00  INFO 8936 --- [hotel-booking-app] [restartedMain] b.w.c.s.WebApplicationContextInitializer : Root WebApplicationContext: initialization completed in 7395 ms
2026-10-07T10:48:24.008+03:00 ERROR 8936 --- [hotel-booking-app] [restartedMain] t.s.DeferredServletContainerInitializers : Error starting Tomcat context. Exception: org.springframework.beans.factory.UnsatisfiedDependencyException. Message: Error creating bean with name 'jwtRequestFilter': Unsatisfied dependency expressed through field 'myUserDetailsService': Error creating bean with name 'myUserDetailsService' defined in file [C:\Users\DELL\Ijdb\project\hotel-booking-app\target\classes\com\ga\hotel_booking_app\security\MyUserDetailsService.class]: Unsatisfied dependency expressed through constructor parameter 0: Error creating bean with name 'userService': Lookup method resolution failed
2026-10-07T10:48:24.107+03:00  INFO 8936 --- [hotel-booking-app] [restartedMain] o.apache.catalina.core.StandardService   : Stopping service [Tomcat]
2026-10-07T10:48:24.148+03:00  WARN 8936 --- [hotel-booking-app] [restartedMain] ConfigServletWebServerApplicationContext : Exception encountered during context initialization - cancelling refresh attempt: org.springframework.context.ApplicationContextException: Unable to start web server
2026-10-07T10:48:24.182+03:00  INFO 8936 --- [hotel-booking-app] [restartedMain] .s.b.a.l.ConditionEvaluationReportLogger : 

Error starting ApplicationContext. To display the condition evaluation report re-run your application with 'debug' enabled.
2026-10-07T10:48:24.270+03:00 ERROR 8936 --- [hotel-booking-app] [restartedMain] o.s.boot.SpringApplication               : Application run failed

org.springframework.context.ApplicationContextException: Unable to start web server
	at org.springframework.boot.web.server.servlet.context.ServletWebServerApplicationContext.onRefresh(ServletWebServerApplicationContext.java:167) ~[spring-boot-web-server-4.1.1.jar:4.1.1]
	at org.springframework.context.support.AbstractApplicationContext.refresh(AbstractApplicationContext.java:615) ~[spring-context-7.0.9.jar:7.0.9]
	at org.springframework.boot.web.server.servlet.context.ServletWebServerApplicationContext.refresh(ServletWebServerApplicationContext.java:143) ~[spring-boot-web-server-4.1.1.jar:4.1.1]
	at org.springframework.boot.SpringApplication.refresh(SpringApplication.java:756) ~[spring-boot-4.1.1.jar:4.1.1]
	at org.springframework.boot.SpringApplication.refreshContext(SpringApplication.java:445) ~[spring-boot-4.1.1.jar:4.1.1]
	at org.springframework.boot.SpringApplication.run(SpringApplication.java:321) ~[spring-boot-4.1.1.jar:4.1.1]
	at org.springframework.boot.SpringApplication.run(SpringApplication.java:1365) ~[spring-boot-4.1.1.jar:4.1.1]
	at org.springframework.boot.SpringApplication.run(SpringApplication.java:1354) ~[spring-boot-4.1.1.jar:4.1.1]
	at com.ga.hotel_booking_app.HotelBookingAppApplication.main(HotelBookingAppApplication.java:10) ~[classes/:na]
	at java.base/jdk.internal.reflect.NativeMethodAccessorImpl.invoke0(Native Method) ~[na:na]
	at java.base/jdk.internal.reflect.NativeMethodAccessorImpl.invoke(NativeMethodAccessorImpl.java:77) ~[na:na]
	at java.base/jdk.internal.reflect.DelegatingMethodAccessorImpl.invoke(DelegatingMethodAccessorImpl.java:43) ~[na:na]
	at java.base/java.lang.reflect.Method.invoke(Method.java:568) ~[na:na]
	at org.springframework.boot.devtools.restart.RestartLauncher.run(RestartLauncher.java:52) ~[spring-boot-devtools-4.1.1.jar:4.1.1]
Caused by: org.springframework.boot.web.server.WebServerException: Unable to start embedded Tomcat
	at org.springframework.boot.tomcat.TomcatWebServer.initialize(TomcatWebServer.java:150) ~[spring-boot-tomcat-4.1.1.jar:4.1.1]
	at org.springframework.boot.tomcat.TomcatWebServer.<init>(TomcatWebServer.java:110) ~[spring-boot-tomcat-4.1.1.jar:4.1.1]
	at org.springframework.boot.tomcat.servlet.TomcatServletWebServerFactory.getTomcatWebServer(TomcatServletWebServerFactory.java:429) ~[spring-boot-tomcat-4.1.1.jar:4.1.1]
	at org.springframework.boot.tomcat.servlet.TomcatServletWebServerFactory.getWebServer(TomcatServletWebServerFactory.java:167) ~[spring-boot-tomcat-4.1.1.jar:4.1.1]
	at org.springframework.boot.web.server.servlet.context.ServletWebServerApplicationContext.createWebServer(ServletWebServerApplicationContext.java:190) ~[spring-boot-web-server-4.1.1.jar:4.1.1]
	at org.springframework.boot.web.server.servlet.context.ServletWebServerApplicationContext.onRefresh(ServletWebServerApplicationContext.java:164) ~[spring-boot-web-server-4.1.1.jar:4.1.1]
	... 13 common frames omitted
Caused by: org.springframework.beans.factory.UnsatisfiedDependencyException: Error creating bean with name 'jwtRequestFilter': Unsatisfied dependency expressed through field 'myUserDetailsService': Error creating bean with name 'myUserDetailsService' defined in file [C:\Users\DELL\Ijdb\project\hotel-booking-app\target\classes\com\ga\hotel_booking_app\security\MyUserDetailsService.class]: Unsatisfied dependency expressed through constructor parameter 0: Error creating bean with name 'userService': Lookup method resolution failed
	at org.springframework.beans.factory.annotation.AutowiredAnnotationBeanPostProcessor$AutowiredFieldElement.resolveFieldValue(AutowiredAnnotationBeanPostProcessor.java:767) ~[spring-beans-7.0.9.jar:7.0.9]
	at org.springframework.beans.factory.annotation.AutowiredAnnotationBeanPostProcessor$AutowiredFieldElement.inject(AutowiredAnnotationBeanPostProcessor.java:748) ~[spring-beans-7.0.9.jar:7.0.9]
	at org.springframework.beans.factory.annotation.InjectionMetadata.inject(InjectionMetadata.java:146) ~[spring-beans-7.0.9.jar:7.0.9]
	at org.springframework.beans.factory.annotation.AutowiredAnnotationBeanPostProcessor.postProcessProperties(AutowiredAnnotationBeanPostProcessor.java:493) ~[spring-beans-7.0.9.jar:7.0.9]
	at org.springframework.beans.factory.support.AbstractAutowireCapableBeanFactory.populateBean(AbstractAutowireCapableBeanFactory.java:1444) ~[spring-beans-7.0.9.jar:7.0.9]
	at org.springframework.beans.factory.support.AbstractAutowireCapableBeanFactory.doCreateBean(AbstractAutowireCapableBeanFactory.java:602) ~[spring-beans-7.0.9.jar:7.0.9]
	at org.springframework.beans.factory.support.AbstractAutowireCapableBeanFactory.createBean(AbstractAutowireCapableBeanFactory.java:525) ~[spring-beans-7.0.9.jar:7.0.9]
	at org.springframework.beans.factory.support.AbstractBeanFactory.lambda$doGetBean$0(AbstractBeanFactory.java:333) ~[spring-beans-7.0.9.jar:7.0.9]
	at org.springframework.beans.factory.support.DefaultSingletonBeanRegistry.getSingleton(DefaultSingletonBeanRegistry.java:371) ~[spring-beans-7.0.9.jar:7.0.9]
	at org.springframework.beans.factory.support.AbstractBeanFactory.doGetBean(AbstractBeanFactory.java:331) ~[spring-beans-7.0.9.jar:7.0.9]
	at org.springframework.beans.factory.support.AbstractBeanFactory.getBean(AbstractBeanFactory.java:201) ~[spring-beans-7.0.9.jar:7.0.9]
	at org.springframework.boot.web.servlet.ServletContextInitializerBeans.getOrderedBeansOfType(ServletContextInitializerBeans.java:231) ~[spring-boot-4.1.1.jar:4.1.1]
	at org.springframework.boot.web.servlet.ServletContextInitializerBeans.addAsRegistrationBean(ServletContextInitializerBeans.java:185) ~[spring-boot-4.1.1.jar:4.1.1]
	at org.springframework.boot.web.servlet.ServletContextInitializerBeans.addAsRegistrationBean(ServletContextInitializerBeans.java:180) ~[spring-boot-4.1.1.jar:4.1.1]
	at org.springframework.boot.web.servlet.ServletContextInitializerBeans.addAdaptableBeans(ServletContextInitializerBeans.java:165) ~[spring-boot-4.1.1.jar:4.1.1]
	at org.springframework.boot.web.servlet.ServletContextInitializerBeans.<init>(ServletContextInitializerBeans.java:97) ~[spring-boot-4.1.1.jar:4.1.1]
	at org.springframework.boot.web.context.servlet.WebApplicationContextInitializer.initialize(WebApplicationContextInitializer.java:53) ~[spring-boot-4.1.1.jar:4.1.1]
	at org.springframework.boot.tomcat.servlet.DeferredServletContainerInitializers.onStartup(DeferredServletContainerInitializers.java:55) ~[spring-boot-tomcat-4.1.1.jar:4.1.1]
	at org.apache.catalina.core.StandardContext.startInternal(StandardContext.java:4573) ~[tomcat-embed-core-11.0.24.jar:11.0.24]
	at org.apache.catalina.util.LifecycleBase.start(LifecycleBase.java:170) ~[tomcat-embed-core-11.0.24.jar:11.0.24]
	at org.apache.catalina.core.ContainerBase$StartChild.call(ContainerBase.java:1204) ~[tomcat-embed-core-11.0.24.jar:11.0.24]
	at org.apache.catalina.core.ContainerBase$StartChild.call(ContainerBase.java:1200) ~[tomcat-embed-core-11.0.24.jar:11.0.24]
	at java.base/java.util.concurrent.FutureTask.run(FutureTask.java:264) ~[na:na]
	at org.apache.tomcat.util.threads.InlineExecutorService.execute(InlineExecutorService.java:92) ~[tomcat-embed-core-11.0.24.jar:11.0.24]
	at java.base/java.util.concurrent.AbstractExecutorService.submit(AbstractExecutorService.java:145) ~[na:na]
	at org.apache.catalina.core.ContainerBase.startInternal(ContainerBase.java:732) ~[tomcat-embed-core-11.0.24.jar:11.0.24]
	at org.apache.catalina.core.StandardHost.startInternal(StandardHost.java:794) ~[tomcat-embed-core-11.0.24.jar:11.0.24]
	at org.apache.catalina.util.LifecycleBase.start(LifecycleBase.java:170) ~[tomcat-embed-core-11.0.24.jar:11.0.24]
	at org.apache.catalina.core.ContainerBase$StartChild.call(ContainerBase.java:1204) ~[tomcat-embed-core-11.0.24.jar:11.0.24]
	at org.apache.catalina.core.ContainerBase$StartChild.call(ContainerBase.java:1200) ~[tomcat-embed-core-11.0.24.jar:11.0.24]
	at java.base/java.util.concurrent.FutureTask.run(FutureTask.java:264) ~[na:na]
	at org.apache.tomcat.util.threads.InlineExecutorService.execute(InlineExecutorService.java:92) ~[tomcat-embed-core-11.0.24.jar:11.0.24]
	at java.base/java.util.concurrent.AbstractExecutorService.submit(AbstractExecutorService.java:145) ~[na:na]
	at org.apache.catalina.core.ContainerBase.startInternal(ContainerBase.java:732) ~[tomcat-embed-core-11.0.24.jar:11.0.24]
	at org.apache.catalina.core.StandardEngine.startInternal(StandardEngine.java:201) ~[tomcat-embed-core-11.0.24.jar:11.0.24]
	at org.apache.catalina.util.LifecycleBase.start(LifecycleBase.java:170) ~[tomcat-embed-core-11.0.24.jar:11.0.24]
	at org.apache.catalina.core.StandardService.startInternal(StandardService.java:433) ~[tomcat-embed-core-11.0.24.jar:11.0.24]
	at org.apache.catalina.util.LifecycleBase.start(LifecycleBase.java:170) ~[tomcat-embed-core-11.0.24.jar:11.0.24]
	at org.apache.catalina.core.StandardServer.startInternal(StandardServer.java:871) ~[tomcat-embed-core-11.0.24.jar:11.0.24]
	at org.apache.catalina.util.LifecycleBase.start(LifecycleBase.java:170) ~[tomcat-embed-core-11.0.24.jar:11.0.24]
	at org.apache.catalina.startup.Tomcat.start(Tomcat.java:452) ~[tomcat-embed-core-11.0.24.jar:11.0.24]
	at org.springframework.boot.tomcat.TomcatWebServer.initialize(TomcatWebServer.java:131) ~[spring-boot-tomcat-4.1.1.jar:4.1.1]
	... 18 common frames omitted
Caused by: org.springframework.beans.factory.UnsatisfiedDependencyException: Error creating bean with name 'myUserDetailsService' defined in file [C:\Users\DELL\Ijdb\project\hotel-booking-app\target\classes\com\ga\hotel_booking_app\security\MyUserDetailsService.class]: Unsatisfied dependency expressed through constructor parameter 0: Error creating bean with name 'userService': Lookup method resolution failed
	at org.springframework.beans.factory.support.ConstructorResolver.createArgumentArray(ConstructorResolver.java:804) ~[spring-beans-7.0.9.jar:7.0.9]
	at org.springframework.beans.factory.support.ConstructorResolver.autowireConstructor(ConstructorResolver.java:240) ~[spring-beans-7.0.9.jar:7.0.9]
	at org.springframework.beans.factory.support.AbstractAutowireCapableBeanFactory.autowireConstructor(AbstractAutowireCapableBeanFactory.java:1380) ~[spring-beans-7.0.9.jar:7.0.9]
	at org.springframework.beans.factory.support.AbstractAutowireCapableBeanFactory.createBeanInstance(AbstractAutowireCapableBeanFactory.java:1219) ~[spring-beans-7.0.9.jar:7.0.9]
	at org.springframework.beans.factory.support.AbstractAutowireCapableBeanFactory.doCreateBean(AbstractAutowireCapableBeanFactory.java:565) ~[spring-beans-7.0.9.jar:7.0.9]
	at org.springframework.beans.factory.support.AbstractAutowireCapableBeanFactory.createBean(AbstractAutowireCapableBeanFactory.java:525) ~[spring-beans-7.0.9.jar:7.0.9]
	at org.springframework.beans.factory.support.AbstractBeanFactory.lambda$doGetBean$0(AbstractBeanFactory.java:333) ~[spring-beans-7.0.9.jar:7.0.9]
	at org.springframework.beans.factory.support.DefaultSingletonBeanRegistry.getSingleton(DefaultSingletonBeanRegistry.java:371) ~[spring-beans-7.0.9.jar:7.0.9]
	at org.springframework.beans.factory.support.AbstractBeanFactory.doGetBean(AbstractBeanFactory.java:331) ~[spring-beans-7.0.9.jar:7.0.9]
	at org.springframework.beans.factory.support.AbstractBeanFactory.getBean(AbstractBeanFactory.java:201) ~[spring-beans-7.0.9.jar:7.0.9]
	at org.springframework.beans.factory.support.DefaultListableBeanFactory.resolveBean(DefaultListableBeanFactory.java:1232) ~[spring-beans-7.0.9.jar:7.0.9]
	at org.springframework.beans.factory.support.DefaultListableBeanFactory.doResolveDependency(DefaultListableBeanFactory.java:1711) ~[spring-beans-7.0.9.jar:7.0.9]
	at org.springframework.beans.factory.support.DefaultListableBeanFactory.resolveDependency(DefaultListableBeanFactory.java:1658) ~[spring-beans-7.0.9.jar:7.0.9]
	at org.springframework.beans.factory.annotation.AutowiredAnnotationBeanPostProcessor$AutowiredFieldElement.resolveFieldValue(AutowiredAnnotationBeanPostProcessor.java:764) ~[spring-beans-7.0.9.jar:7.0.9]
	... 59 common frames omitted
Caused by: org.springframework.beans.factory.BeanCreationException: Error creating bean with name 'userService': Lookup method resolution failed
	at org.springframework.beans.factory.annotation.AutowiredAnnotationBeanPostProcessor.checkLookupMethods(AutowiredAnnotationBeanPostProcessor.java:482) ~[spring-beans-7.0.9.jar:7.0.9]
	at org.springframework.beans.factory.annotation.AutowiredAnnotationBeanPostProcessor.determineCandidateConstructors(AutowiredAnnotationBeanPostProcessor.java:352) ~[spring-beans-7.0.9.jar:7.0.9]
	at org.springframework.beans.factory.support.AbstractAutowireCapableBeanFactory.determineConstructorsFromBeanPostProcessors(AbstractAutowireCapableBeanFactory.java:1319) ~[spring-beans-7.0.9.jar:7.0.9]
	at org.springframework.beans.factory.support.AbstractAutowireCapableBeanFactory.createBeanInstance(AbstractAutowireCapableBeanFactory.java:1216) ~[spring-beans-7.0.9.jar:7.0.9]
	at org.springframework.beans.factory.support.AbstractAutowireCapableBeanFactory.doCreateBean(AbstractAutowireCapableBeanFactory.java:565) ~[spring-beans-7.0.9.jar:7.0.9]
	at org.springframework.beans.factory.support.AbstractAutowireCapableBeanFactory.createBean(AbstractAutowireCapableBeanFactory.java:525) ~[spring-beans-7.0.9.jar:7.0.9]
	at org.springframework.beans.factory.support.AbstractBeanFactory.lambda$doGetBean$0(AbstractBeanFactory.java:333) ~[spring-beans-7.0.9.jar:7.0.9]
	at org.springframework.beans.factory.support.DefaultSingletonBeanRegistry.getSingleton(DefaultSingletonBeanRegistry.java:371) ~[spring-beans-7.0.9.jar:7.0.9]
	at org.springframework.beans.factory.support.AbstractBeanFactory.doGetBean(AbstractBeanFactory.java:331) ~[spring-beans-7.0.9.jar:7.0.9]
	at org.springframework.beans.factory.support.AbstractBeanFactory.getBean(AbstractBeanFactory.java:201) ~[spring-beans-7.0.9.jar:7.0.9]
	at org.springframework.beans.factory.support.DefaultListableBeanFactory.resolveBean(DefaultListableBeanFactory.java:1232) ~[spring-beans-7.0.9.jar:7.0.9]
	at org.springframework.beans.factory.support.DefaultListableBeanFactory.doResolveDependency(DefaultListableBeanFactory.java:1711) ~[spring-beans-7.0.9.jar:7.0.9]
	at org.springframework.beans.factory.support.DefaultListableBeanFactory.resolveDependency(DefaultListableBeanFactory.java:1658) ~[spring-beans-7.0.9.jar:7.0.9]
	at org.springframework.beans.factory.support.ConstructorResolver.resolveAutowiredArgument(ConstructorResolver.java:912) ~[spring-beans-7.0.9.jar:7.0.9]
	at org.springframework.beans.factory.support.ConstructorResolver.createArgumentArray(ConstructorResolver.java:791) ~[spring-beans-7.0.9.jar:7.0.9]
	... 72 common frames omitted
Caused by: java.lang.IllegalStateException: Failed to introspect Class [com.ga.hotel_booking_app.service.UserService] from ClassLoader [org.springframework.boot.devtools.restart.classloader.RestartClassLoader@5e6dfb43]
	at org.springframework.util.ReflectionUtils.getDeclaredMethods(ReflectionUtils.java:483) ~[spring-core-7.0.9.jar:7.0.9]
	at org.springframework.util.ReflectionUtils.doWithLocalMethods(ReflectionUtils.java:320) ~[spring-core-7.0.9.jar:7.0.9]
	at org.springframework.beans.factory.annotation.AutowiredAnnotationBeanPostProcessor.checkLookupMethods(AutowiredAnnotationBeanPostProcessor.java:460) ~[spring-beans-7.0.9.jar:7.0.9]
	... 86 common frames omitted
Caused by: java.lang.NoClassDefFoundError: com/ga/hotel_booking_app/exception/custom/InformationExistException
	at java.base/java.lang.Class.getDeclaredMethods0(Native Method) ~[na:na]
	at java.base/java.lang.Class.privateGetDeclaredMethods(Class.java:3404) ~[na:na]
	at java.base/java.lang.Class.getDeclaredMethods(Class.java:2506) ~[na:na]
	at org.springframework.util.ReflectionUtils.getDeclaredMethods(ReflectionUtils.java:465) ~[spring-core-7.0.9.jar:7.0.9]
	... 88 common frames omitted
Caused by: java.lang.ClassNotFoundException: com.ga.hotel_booking_app.exception.custom.InformationExistException
	at java.base/jdk.internal.loader.BuiltinClassLoader.loadClass(BuiltinClassLoader.java:641) ~[na:na]
	at java.base/jdk.internal.loader.ClassLoaders$AppClassLoader.loadClass(ClassLoaders.java:188) ~[na:na]
	at java.base/java.lang.ClassLoader.loadClass(ClassLoader.java:525) ~[na:na]
	at java.base/java.lang.Class.forName0(Native Method) ~[na:na]
	at java.base/java.lang.Class.forName(Class.java:469) ~[na:na]
	at org.springframework.boot.devtools.restart.classloader.RestartClassLoader.loadClass(RestartClassLoader.java:123) ~[spring-boot-devtools-4.1.1.jar:4.1.1]
	at java.base/java.lang.ClassLoader.loadClass(ClassLoader.java:525) ~[na:na]
	... 92 common frames omitted

